CPU revision is: 00024000
Loading BCM4710 MMU routines.
Primary instruction cache 8kb, linesize 16 bytes (2 ways)
Primary data cache 4kb, linesize 16 bytes (2 ways)
Linux version 2.4.20 (mbm@reboot2.lan) (gcc version 3.3.3) #1 Wed Feb 2 04:14:00 EST 2005
Determined physical RAM map:
memory: 01000000 @ 00000000 (usable)
On node 0 totalpages: 4096
zone(0): 4096 pages.
zone(1): 0 pages.
zone(2): 0 pages.
Kernel command line: root=/dev/mtdblock2 rootfstype=squashfs init=/etc/preinit noinitrd console=ttyS0,115200
CPU: BCM4710 rev 0 at 125 MHz
!unable to setup serial console!
Calibrating delay loop... 82.94 BogoMIPS
Memory: 14188k/16384k available (1411k kernel code, 2196k reserved, 100k data, 68k init, 0k highmem)
Dentry cache hash table entries: 2048 (order: 2, 16384 bytes)
Inode cache hash table entries: 1024 (order: 1, 8192 bytes)
Mount-cache hash table entries: 512 (order: 0, 4096 bytes)
Buffer-cache hash table entries: 1024 (order: 0, 4096 bytes)
Page-cache hash table entries: 4096 (order: 2, 16384 bytes)
Checking for 'wait' instruction...  unavailable.
POSIX conformance testing by UNIFIX
PCI: Fixing up bus 0
PCI: Fixing up bridge
PCI: Fixing up bus 1
Linux NET4.0 for Linux 2.4
Based upon Swansea University Computer Society NET3.039
Initializing RT netlink socket
Starting kswapd
devfs: v1.12c (20020818) Richard Gooch (rgooch@atnf.csiro.au)
devfs: boot_options: 0x1
JFFS2 version 2.1. (C) 2001 Red Hat, Inc., designed by Axis Communications AB.
pty: 256 Unix98 ptys configured
Serial driver version 5.05c (2001-07-08) with MANY_PORTS SHARE_IRQ SERIAL_PCI enabled
Software Watchdog Timer: 0.05, timer margin: 60 sec
loop: loaded (max 8 devices)
PPP generic driver version 2.4.2
Amd/Fujitsu Extended Query Table v1.0 at 0x0040
Physically mapped flash: JEDEC Device ID is 0xCA. Assuming broken CFI table.
Physically mapped flash: Swapping erase regions for broken CFI table.
number of CFI chips: 1
Flash device: 0x400000 at 0x1fc00000
Physically mapped flash: squashfs filesystem found at block 914
Creating 5 MTD partitions on "Physically mapped flash":
0x00000000-0x00040000 : "pmon"
0x00040000-0x003f0000 : "linux"
0x000e49b0-0x001b71a1 : "rootfs"
mtd: partition "rootfs" doesn't start on an erase block boundary -- force read-only
0x003f0000-0x00400000 : "nvram"
0x001c0000-0x003f0000 : "OpenWrt"
sflash: chipcommon not found
NET4: Linux TCP/IP 1.0 for NET4.0
IP Protocols: ICMP, UDP, TCP
IP: routing cache hash table of 512 buckets, 4Kbytes
TCP: Hash tables configured (established 1024 bind 2048)
ip_conntrack version 2.1 (5953 buckets, 5953 max) - 352 bytes per conntrack
ip_conntrack_pptp version 1.9 loaded
ip_nat_pptp version 1.5 loaded
ip_tables: (C) 2000-2002 Netfilter core team
NET4: Unix domain sockets 1.0/SMP for Linux NET4.0.
NET4: Ethernet Bridge 008 for NET4.0
Bridge firewalling registered
802.1Q VLAN Support v1.7 Ben Greear <greearb@candelatech.com>
All bugs added by David S. Miller <davem@redhat.com>
VFS: Mounted root (squashfs filesystem) readonly.
Mounted devfs on /dev
Freeing unused kernel memory: 68k freed
Warning: unable to open an initial console.
Algorithmics/MIPS FPU Emulator v1.5
diag boardtype: 0000041a
using v1 hardware
jffs2.bbc: SIZE compression mode activated.
eth0: Broadcom BCM47xx 10/100 Mbps Ethernet Controller 3.50.21.10
eth1: Broadcom BCM47xx 10/100 Mbps Ethernet Controller 3.50.21.10
PCI: Enabling device 01:02.0 (0004 -> 0006)
eth2: Broadcom BCM43XX 802.11 Wireless Controller  3.50.21.10 (Compiled in . at 20:53:00 on Jan 21 2004)
device eth0 entered promiscuous mode
