PU revision is: 00029007
Primary instruction cache 8kB, physically tagged, 2-way, linesize 16 bytes.
Primary data cache 4kB, 2-way, linesize 16 bytes.
Linux version 2.4.29 (kaloz@arrakis) (gcc version 3.3.5) #1 Sun Mar 27 17:16:55 CEST 2005
Determined physical RAM map:
 memory: 01000000 @ 00000000 (usable)
On node 0 totalpages: 4096
zone(0): 4096 pages.
zone(1): 0 pages.
zone(2): 0 pages.
Kernel command line: root=/dev/mtdblock2 init=/etc/preinit noinitrd console=ttyS0,115200
CPU: BCM4712 rev 1 at 200 MHz
Using 100.000 MHz high precision timer.
Calibrating delay loop... 199.47 BogoMIPS
Memory: 14028k/16384k available (1493k kernel code, 2356k reserved, 104k data, 88k init, 0k highmem)
Dentry cache hash table entries: 2048 (order: 2, 16384 bytes)
Inode cache hash table entries: 1024 (order: 1, 8192 bytes)
Mount cache hash table entries: 512 (order: 0, 4096 bytes)
Buffer cache hash table entries: 1024 (order: 0, 4096 bytes)
Page-cache hash table entries: 4096 (order: 2, 16384 bytes)
Checking for 'wait' instruction...  unavailable.
POSIX conformance testing by UNIFIX
PCI: Disabled
PCI: Fixing up bus 0
Linux NET4.0 for Linux 2.4
Based upon Swansea University Computer Society NET3.039
Initializing RT netlink socket
Starting kswapd
devfs: v1.12c (20020818) Richard Gooch (rgooch@atnf.csiro.au)
devfs: boot_options: 0x1
JFFS2 version 2.1. (C) 2001 Red Hat, Inc., designed by Axis Communications AB.
Squashfs 2.1-r2 (released 2004/12/15) (C) 2002-2004 Phillip Lougher
pty: 256 Unix98 ptys configured
Serial driver version 5.05c (2001-07-08) with MANY_PORTS SHARE_IRQ SERIAL_PCI enabled
ttyS00 at 0xb8000300 (irq = 3) is a 16550A
ttyS01 at 0xb8000400 (irq = 0) is a 16550A
Software Watchdog Timer: 0.05, timer margin: 60 sec
loop: loaded (max 8 devices)
PPP generic driver version 2.4.2
Physically mapped flash: Found an alias at 0x400000 for the chip at 0x0
Physically mapped flash: Found an alias at 0x800000 for the chip at 0x0
Physically mapped flash: Found an alias at 0xc00000 for the chip at 0x0
Physically mapped flash: Found an alias at 0x1000000 for the chip at 0x0
Physically mapped flash: Found an alias at 0x1400000 for the chip at 0x0
Physically mapped flash: Found an alias at 0x1800000 for the chip at 0x0
Physically mapped flash: Found an alias at 0x1c00000 for the chip at 0x0
 Amd/Fujitsu Extended Query Table v1.3 at 0x0040
number of CFI chips: 1
cfi_cmdset_0002: Disabling fast programming due to code brokenness.
Flash device: 0x400000 at 0x1c000000
Creating 4 MTD partitions on "Physically mapped flash":
0x00000000-0x00040000 : "pmon"
0x00040000-0x003f0000 : "linux"
0x000f0000-0x003f0000 : "rootfs"
0x003f0000-0x00400000 : "nvram"
sflash: found no supported devices
Initializing Cryptographic API
NET4: Linux TCP/IP 1.0 for NET4.0
IP Protocols: ICMP, UDP, TCP, IGMP
IP: routing cache hash table of 512 buckets, 4Kbytes
TCP: Hash tables configured (established 1024 bind 2048)
ip_conntrack version 2.1 (128 buckets, 1024 max) - 288 bytes per conntrack
ip_tables: (C) 2000-2002 Netfilter core team
NET4: Unix domain sockets 1.0/SMP for Linux NET4.0.
NET4: Ethernet Bridge 008 for NET4.0
Bridge firewalling registered
802.1Q VLAN Support v1.8 Ben Greear <greearb@candelatech.com>
All bugs added by David S. Miller <davem@redhat.com>
cramfs: wrong magic
VFS: Mounted root (jffs2 filesystem) readonly.
Mounted devfs on /dev
Freeing unused kernel memory: 88k freed
Algorithmics/MIPS FPU Emulator v1.5
jffs2.bbc: SIZE compression mode activated.
PCI: Setting latency timer of device 00:02.0 to 64
5325E   phy=FFFFFFFF
eth0: Broadcom BCM47xx 10/100 Mbps Ethernet Controller 3.60.13.0
PCI: Setting latency timer of device 00:01.0 to 64
eth1: Broadcom BCM4320 802.11 Wireless Controller 3.60.13.0
device eth0 entered promiscuous mode
vlan0: add 01:00:5e:00:00:01 mcast address to master interface
device eth1 entered promiscuous mode
br0: port 2(eth1) entering learning state
br0: port 1(vlan0) entering learning state
br0: port 2(eth1) entering forwarding state
br0: topology change detected, propagating
br0: port 1(vlan0) entering forwarding state
br0: topology change detected, propagating
vlan1: add 01:00:5e:00:00:01 mcast address to master interface
